Archive member included to satisfy reference by file (symbol)

.pio/build/nano_33_iot/libFrameworkArduino.a(CDC.cpp.o)
                              .pio/build/nano_33_iot/src/main.cpp.o (Serial_::begin(unsigned long))
.pio/build/nano_33_iot/libFrameworkArduino.a(USBCore.cpp.o)
                              .pio/build/nano_33_iot/libFrameworkArduino.a(CDC.cpp.o) (usbd)
.pio/build/nano_33_iot/libFrameworkArduino.a(WInterrupts.c.o)
                              .pio/build/nano_33_iot/src/BarcodeReader.cpp.o (attachInterrupt)
.pio/build/nano_33_iot/libFrameworkArduino.a(PluggableUSB.cpp.o)
                              .pio/build/nano_33_iot/libFrameworkArduino.a(USBCore.cpp.o) (arduino::PluggableUSB_::getInterface(unsigned char*))
.pio/build/nano_33_iot/libFrameworkArduino.a(Print.cpp.o)
                              .pio/build/nano_33_iot/src/BarcodeReader.cpp.o (arduino::Print::print(char const*))
.pio/build/nano_33_iot/libFrameworkArduino.a(cortex_handlers.c.o)
                              (Reset_Handler)
.pio/build/nano_33_iot/libFrameworkArduino.a(delay.c.o)
                              .pio/build/nano_33_iot/libFrameworkArduino.a(CDC.cpp.o) (millis)
.pio/build/nano_33_iot/libFrameworkArduino.a(hooks.c.o)
                              .pio/build/nano_33_iot/libFrameworkArduino.a(delay.c.o) (yield)
.pio/build/nano_33_iot/libFrameworkArduino.a(main.cpp.o)
                              /Users/bmmli.jl/.platformio/packages/toolchain-gccarmnoneeabi@1.70201.0/bin/../lib/gcc/arm-none-eabi/7.2.1/../../../../arm-none-eabi/lib/thumb/v6-m/crt0.o (main)
.pio/build/nano_33_iot/libFrameworkArduino.a(new.cpp.o)
                              .pio/build/nano_33_iot/libFrameworkArduino.a(USBCore.cpp.o) (operator new(unsigned int))
.pio/build/nano_33_iot/libFrameworkArduino.a(startup.c.o)
                              .pio/build/nano_33_iot/libFrameworkArduino.a(cortex_handlers.c.o) (SystemInit)
.pio/build/nano_33_iot/libFrameworkArduino.a(wiring.c.o)
                              .pio/build/nano_33_iot/libFrameworkArduino.a(main.cpp.o) (init)
.pio/build/nano_33_iot/libFrameworkArduino.a(wiring_analog.c.o)
                              .pio/build/nano_33_iot/libFrameworkArduino.a(wiring.c.o) (analogReference)
.pio/build/nano_33_iot/libFrameworkArduino.a(wiring_digital.c.o)
                              .pio/build/nano_33_iot/src/BarcodeReader.cpp.o (pinMode)
.pio/build/nano_33_iot/libFrameworkArduino.a(wiring_private.c.o)
                              .pio/build/nano_33_iot/libFrameworkArduino.a(WInterrupts.c.o) (pinPeripheral)
.pio/build/nano_33_iot/libFrameworkArduino.a(Reset.cpp.o)
                              .pio/build/nano_33_iot/libFrameworkArduino.a(CDC.cpp.o) (initiateReset)
.pio/build/nano_33_iot/libFrameworkArduino.a(abi.cpp.o)
                              .pio/build/nano_33_iot/libFrameworkArduino.a(Print.cpp.o) (__cxa_pure_virtual)
.pio/build/nano_33_iot/libFrameworkArduinoVariant.a(variant.cpp.o)
                              .pio/build/nano_33_iot/libFrameworkArduino.a(wiring_analog.c.o) (g_apTCInstances)
.pio/build/nano_33_iot/libFrameworkArduino.a(SERCOM.cpp.o)
                              .pio/build/nano_33_iot/libFrameworkArduinoVariant.a(variant.cpp.o) (SERCOM::SERCOM(Sercom*))
.pio/build/nano_33_iot/libFrameworkArduino.a(Uart.cpp.o)
                              .pio/build/nano_33_iot/libFrameworkArduinoVariant.a(variant.cpp.o) (Uart::Uart(SERCOM*, unsigned char, unsigned char, SercomRXPad, SercomUartTXPad, unsigned char, unsigned char))
/Users/bmmli.jl/.platformio/packages/toolchain-gccarmnoneeabi@1.70201.0/bin/../lib/gcc/arm-none-eabi/7.2.1/thumb/v6-m/libgcc.a(_thumb1_case_uqi.o)
                              .pio/build/nano_33_iot/libFrameworkArduino.a(USBCore.cpp.o) (__gnu_thumb1_case_uqi)
/Users/bmmli.jl/.platformio/packages/toolchain-gccarmnoneeabi@1.70201.0/bin/../lib/gcc/arm-none-eabi/7.2.1/thumb/v6-m/libgcc.a(_udivsi3.o)
                              .pio/build/nano_33_iot/src/BarcodeReader.cpp.o (__aeabi_uidiv)
/Users/bmmli.jl/.platformio/packages/toolchain-gccarmnoneeabi@1.70201.0/bin/../lib/gcc/arm-none-eabi/7.2.1/thumb/v6-m/libgcc.a(_divsi3.o)
                              .pio/build/nano_33_iot/libFrameworkArduino.a(USBCore.cpp.o) (__aeabi_idiv)
/Users/bmmli.jl/.platformio/packages/toolchain-gccarmnoneeabi@1.70201.0/bin/../lib/gcc/arm-none-eabi/7.2.1/thumb/v6-m/libgcc.a(_dvmd_tls.o)
                              /Users/bmmli.jl/.platformio/packages/toolchain-gccarmnoneeabi@1.70201.0/bin/../lib/gcc/arm-none-eabi/7.2.1/thumb/v6-m/libgcc.a(_udivsi3.o) (__aeabi_idiv0)
/Users/bmmli.jl/.platformio/packages/toolchain-gccarmnoneeabi@1.70201.0/bin/../lib/gcc/arm-none-eabi/7.2.1/thumb/v6-m/libgcc.a(_arm_cmpdf2.o)
                              .pio/build/nano_33_iot/libFrameworkArduino.a(Print.cpp.o) (__aeabi_dcmplt)
/Users/bmmli.jl/.platformio/packages/toolchain-gccarmnoneeabi@1.70201.0/bin/../lib/gcc/arm-none-eabi/7.2.1/thumb/v6-m/libgcc.a(_aeabi_uldivmod.o)
[...]
Memory Configuration

Name             Origin             Length             Attributes
FLASH            0x0000000000002000 0x000000000003e000 xr
RAM              0x0000000020000000 0x0000000000008000 xrw
*default*        0x0000000000000000 0xffffffffffffffff

Linker script and memory map

LOAD /Users/bmmli.jl/.platformio/packages/toolchain-gccarmnoneeabi@1.70201.0/bin/../lib/gcc/arm-none-eabi/7.2.1/thumb/v6-m/crti.o
LOAD /Users/bmmli.jl/.platformio/packages/toolchain-gccarmnoneeabi@1.70201.0/bin/../lib/gcc/arm-none-eabi/7.2.1/thumb/v6-m/crtbegin.o
LOAD /Users/bmmli.jl/.platformio/packages/toolchain-gccarmnoneeabi@1.70201.0/bin/../lib/gcc/arm-none-eabi/7.2.1/../../../../arm-none-eabi/lib/thumb/v6-m/crt0.o
LOAD .pio/build/nano_33_iot/src/BarcodeReader.cpp.o
LOAD .pio/build/nano_33_iot/src/FlashStorage.c.o
LOAD .pio/build/nano_33_iot/src/main.cpp.o
START GROUP
LOAD .pio/build/nano_33_iot/libFrameworkArduinoVariant.a
LOAD .pio/build/nano_33_iot/libFrameworkArduino.a
LOAD /Users/bmmli.jl/.platformio/packages/framework-cmsis/CMSIS/Lib/GCC/libarm_cortexM0l_math.a
END GROUP
LOAD /Users/bmmli.jl/.platformio/packages/toolchain-gccarmnoneeabi@1.70201.0/bin/../lib/gcc/arm-none-eabi/7.2.1/../../../../arm-none-eabi/lib/thumb/v6-m/libstdc++_nano.a
LOAD /Users/bmmli.jl/.platformio/packages/toolchain-gccarmnoneeabi@1.70201.0/bin/../lib/gcc/arm-none-eabi/7.2.1/../../../../arm-none-eabi/lib/thumb/v6-m/libm.a
START GROUP
LOAD /Users/bmmli.jl/.platformio/packages/toolchain-gccarmnoneeabi@1.70201.0/bin/../lib/gcc/arm-none-eabi/7.2.1/thumb/v6-m/libgcc.a
LOAD /Users/bmmli.jl/.platformio/packages/toolchain-gccarmnoneeabi@1.70201.0/bin/../lib/gcc/arm-none-eabi/7.2.1/../../../../arm-none-eabi/lib/thumb/v6-m/libc_nano.a
END GROUP
START GROUP
LOAD /Users/bmmli.jl/.platformio/packages/toolchain-gccarmnoneeabi@1.70201.0/bin/../lib/gcc/arm-none-eabi/7.2.1/thumb/v6-m/libgcc.a
LOAD /Users/bmmli.jl/.platformio/packages/toolchain-gccarmnoneeabi@1.70201.0/bin/../lib/gcc/arm-none-eabi/7.2.1/../../../../arm-none-eabi/lib/thumb/v6-m/libc_nano.a
LOAD /Users/bmmli.jl/.platformio/packages/toolchain-gccarmnoneeabi@1.70201.0/bin/../lib/gcc/arm-none-eabi/7.2.1/../../../../arm-none-eabi/lib/thumb/v6-m/libnosys.a
END GROUP
START GROUP
LOAD /Users/bmmli.jl/.platformio/packages/toolchain-gccarmnoneeabi@1.70201.0/bin/../lib/gcc/arm-none-eabi/7.2.1/thumb/v6-m/libgcc.a
LOAD /Users/bmmli.jl/.platformio/packages/toolchain-gccarmnoneeabi@1.70201.0/bin/../lib/gcc/arm-none-eabi/7.2.1/../../../../arm-none-eabi/lib/thumb/v6-m/libc_nano.a
LOAD /Users/bmmli.jl/.platformio/packages/toolchain-gccarmnoneeabi@1.70201.0/bin/../lib/gcc/arm-none-eabi/7.2.1/../../../../arm-none-eabi/lib/thumb/v6-m/libnosys.a
END GROUP
LOAD /Users/bmmli.jl/.platformio/packages/toolchain-gccarmnoneeabi@1.70201.0/bin/../lib/gcc/arm-none-eabi/7.2.1/thumb/v6-m/crtend.o
LOAD /Users/bmmli.jl/.platformio/packages/toolchain-gccarmnoneeabi@1.70201.0/bin/../lib/gcc/arm-none-eabi/7.2.1/thumb/v6-m/crtn.o

.text           0x0000000000002000     0x355c
                0x0000000000002000                __text_start__ = .
 *(.sketch_boot)
                0x0000000000002000                . = ALIGN (0x2000)
 *(.isr_vector)
 .isr_vector    0x0000000000002000       0xb4 .pio/build/nano_33_iot/libFrameworkArduino.a(cortex_handlers.c.o)
                0x0000000000002000                exception_table
 *(.text*)
 .text          0x00000000000020b4       0x48 /Users/bmmli.jl/.platformio/packages/toolchain-gccarmnoneeabi@1.70201.0/bin/../lib/gcc/arm-none-eabi/7.2.1/thumb/v6-m/crtbegin.o
 .text._ZN10FlashClassC2EPKvm
                0x00000000000020fc       0x30 .pio/build/nano_33_iot/src/main.cpp.o
                0x00000000000020fc                FlashClass::FlashClass(void const*, unsigned long)
                0x00000000000020fc                FlashClass::FlashClass(void const*, unsigned long)
 .text._ZN10FlashClass5writeEPVKvPKv
                0x000000000000212c       0x88 .pio/build/nano_33_iot/src/main.cpp.o
                0x000000000000212c                FlashClass::write(void const volatile*, void const*)
 .text._ZN10FlashClass4readEPVKvPv
                0x00000000000021b4        0xe .pio/build/nano_33_iot/src/main.cpp.o
                0x00000000000021b4                FlashClass::read(void const volatile*, void*)
 *fill*         0x00000000000021c2        0x2 
 .text._ZN10FlashClass5eraseEPVKv
                0x00000000000021c4       0x1c .pio/build/nano_33_iot/src/main.cpp.o
                0x00000000000021c4                FlashClass::erase(void const volatile*)
 .text._ZN10FlashClass5eraseEPVKvm
                0x00000000000021e0       0x24 .pio/build/nano_33_iot/src/main.cpp.o
                0x00000000000021e0                FlashClass::erase(void const volatile*, unsigned long)
 .text.loop     0x0000000000002204        0x2 .pio/build/nano_33_iot/src/main.cpp.o
                0x0000000000002204                loop
 *fill*         0x0000000000002206        0x2 
 .text.startup._GLOBAL__sub_I__ZN10FlashClassC2EPKvm
                0x0000000000002208       0x2c .pio/build/nano_33_iot/src/main.cpp.o
 .text.setup    0x0000000000002234       0x90 .pio/build/nano_33_iot/src/main.cpp.o
                0x0000000000002234                setup
 .text._ZN7Serial_13getDescriptorERN7arduino8USBSetupE
                0x00000000000022c4        0x4 .pio/build/nano_33_iot/libFrameworkArduino.a(CDC.cpp.o)
                0x00000000000022c4                Serial_::getDescriptor(arduino::USBSetup&)
 .text._ZL5utox8mPc
                0x00000000000022c8       0x24 .pio/build/nano_33_iot/libFrameworkArduino.a(CDC.cpp.o)
 .text._ZN7Serial_12getShortNameEPc
                0x00000000000022ec       0x44 .pio/build/nano_33_iot/libFrameworkArduino.a(CDC.cpp.o)
                0x00000000000022ec                Serial_::getShortName(char*)
 .text._ZThn16_N7Serial_12getShortNameEPc
                0x0000000000002330       0x10 .pio/build/nano_33_iot/libFrameworkArduino.a(CDC.cpp.o)
                0x0000000000002330                non-virtual thunk to Serial_::getShortName(char*)
 .text._ZN7Serial_5beginEm
                0x0000000000002340        0x2 .pio/build/nano_33_iot/libFrameworkArduino.a(CDC.cpp.o)
                0x0000000000002340                Serial_::begin(unsigned long)
 .text._ZN7Serial_5beginEmt
                0x0000000000002342        0x2 .pio/build/nano_33_iot/libFrameworkArduino.a(CDC.cpp.o)
                0x0000000000002342                Serial_::begin(unsigned long, unsigned short)
 .text._ZN7Serial_17availableForWriteEv
                0x0000000000002344        0x4 .pio/build/nano_33_iot/libFrameworkArduino.a(CDC.cpp.o)
                0x0000000000002344                Serial_::availableForWrite()
 .text._ZN7Serial_5writeEh
                0x0000000000002348       0x14 .pio/build/nano_33_iot/libFrameworkArduino.a(CDC.cpp.o)
                0x0000000000002348                Serial_::write(unsigned char)
 .text._ZN7Serial_12getInterfaceEPh
                0x000000000000235c      0x11c .pio/build/nano_33_iot/libFrameworkArduino.a(CDC.cpp.o)
                0x000000000000235c                Serial_::getInterface(unsigned char*)
 .text._ZThn16_N7Serial_12getInterfaceEPh
                0x0000000000002478       0x10 .pio/build/nano_33_iot/libFrameworkArduino.a(CDC.cpp.o)
                0x0000000000002478                non-virtual thunk to Serial_::getInterface(unsigned char*)
 .text._ZN7Serial_5setupERN7arduino8USBSetupE
                0x0000000000002488       0x9c .pio/build/nano_33_iot/libFrameworkArduino.a(CDC.cpp.o)
                0x0000000000002488                Serial_::setup(arduino::USBSetup&)
 .text._ZThn16_N7Serial_5setupERN7arduino8USBSetupE
                0x0000000000002524       0x10 .pio/build/nano_33_iot/libFrameworkArduino.a(CDC.cpp.o)
                0x0000000000002524                non-virtual thunk to Serial_::setup(arduino::USBSetup&)
 .text._ZN7Serial_3endEv
                0x0000000000002534        0xe .pio/build/nano_33_iot/libFrameworkArduino.a(CDC.cpp.o)
                0x0000000000002534                Serial_::end()
 *fill*         0x0000000000002542        0x2 
 .text._ZN7Serial_9availableEv
                0x0000000000002544       0x20 .pio/build/nano_33_iot/libFrameworkArduino.a(CDC.cpp.o)
                0x0000000000002544                Serial_::available()
 .text._ZN7Serial_5flushEv
                0x0000000000002564        0xe .pio/build/nano_33_iot/libFrameworkArduino.a(CDC.cpp.o)
                0x0000000000002564                Serial_::flush()
 .text._ZN7Serial_5clearEv
                0x0000000000002572        0xe .pio/build/nano_33_iot/libFrameworkArduino.a(CDC.cpp.o)
                0x0000000000002572                Serial_::clear()
 .text._ZN7Serial_5writeEPKhj
                0x0000000000002580       0x1e .pio/build/nano_33_iot/libFrameworkArduino.a(CDC.cpp.o)
                0x0000000000002580                Serial_::write(unsigned char const*, unsigned int)
 *fill*         0x000000000000259e        0x2 
 .text._ZN7Serial_4peekEv
                0x00000000000025a0       0x1c .pio/build/nano_33_iot/libFrameworkArduino.a(CDC.cpp.o)
                0x00000000000025a0                Serial_::peek()
 .text._ZN7Serial_4readEv
                0x00000000000025bc       0x24 .pio/build/nano_33_iot/libFrameworkArduino.a(CDC.cpp.o)
                0x00000000000025bc                Serial_::read()
 .text._ZN7Serial_cvbEv
                0x00000000000025e0       0x26 .pio/build/nano_33_iot/libFrameworkArduino.a(CDC.cpp.o)
                0x00000000000025e0                Serial_::operator bool()
 .text._ZThn16_N7Serial_13getDescriptorERN7arduino8USBSetupE
                0x0000000000002606        0x4 .pio/build/nano_33_iot/libFrameworkArduino.a(CDC.cpp.o)
                0x0000000000002606                non-virtual thunk to Serial_::getDescriptor(arduino::USBSetup&)
 .text.resetExternalChip
                0x000000000000260a        0x2 .pio/build/nano_33_iot/libFrameworkArduino.a(CDC.cpp.o)
                0x000000000000260a                resetExternalChip
 .text._ZN7Serial_14handleEndpointEi
                0x000000000000260c        0x2 .pio/build/nano_33_iot/libFrameworkArduino.a(CDC.cpp.o)
                0x000000000000260c                Serial_::handleEndpoint(int)
 *fill*         0x000000000000260e        0x2 
 .text._ZN7Serial_C2ER14USBDeviceClass
                0x0000000000002610       0x5c .pio/build/nano_33_iot/libFrameworkArduino.a(CDC.cpp.o)
                0x0000000000002610                Serial_::Serial_(USBDeviceClass&)
                0x0000000000002610                Serial_::Serial_(USBDeviceClass&)
 .text._ZN7Serial_15enableInterruptEv
                0x000000000000266c       0x30 .pio/build/nano_33_iot/libFrameworkArduino.a(CDC.cpp.o)
                0x000000000000266c                Serial_::enableInterrupt()
 .text.startup._GLOBAL__sub_I__ZN7Serial_12getInterfaceEPh
                0x000000000000269c       0x14 .pio/build/nano_33_iot/libFrameworkArduino.a(CDC.cpp.o)
 .text._ZN26DoubleBufferedEPOutHandlerD2Ev
                0x00000000000026b0        0x2 .pio/build/nano_33_iot/libFrameworkArduino.a(USBCore.cpp.o)
                0x00000000000026b0                DoubleBufferedEPOutHandler::~DoubleBufferedEPOutHandler()
                0x00000000000026b0                DoubleBufferedEPOutHandler::~DoubleBufferedEPOutHandler()
 .text._ZN26DoubleBufferedEPOutHandlerD0Ev
                0x00000000000026b2        0xc .pio/build/nano_33_iot/libFrameworkArduino.a(USBCore.cpp.o)
                0x00000000000026b2                DoubleBufferedEPOutHandler::~DoubleBufferedEPOutHandler()
 *fill*         0x00000000000026be        0x2 
 .text._ZN14USBDeviceClass6initEPEmm.part.7
                0x00000000000026c0       0xc4 .pio/build/nano_33_iot/libFrameworkArduino.a(USBCore.cpp.o)
 .text._ZN7__GuardC2Ev
                0x0000000000002784        0xe .pio/build/nano_33_iot/libFrameworkArduino.a(USBCore.cpp.o)
                0x0000000000002784                __Guard::__Guard()
                0x0000000000002784                __Guard::__Guard()
 .text._ZN7__GuardD2Ev
                0x0000000000002792        0xe .pio/build/nano_33_iot/libFrameworkArduino.a(USBCore.cpp.o)
                0x0000000000002792                __Guard::~__Guard()
                0x0000000000002792                __Guard::~__Guard()
 .text._ZNK26DoubleBufferedEPOutHandler10_availableEv
                0x00000000000027a0       0x70 .pio/build/nano_33_iot/libFrameworkArduino.a(USBCore.cpp.o)
                0x00000000000027a0                DoubleBufferedEPOutHandler::_available() const
 .text._ZN26DoubleBufferedEPOutHandler7releaseEv
                0x0000000000002810       0x38 .pio/build/nano_33_iot/libFrameworkArduino.a(USBCore.cpp.o)
                0x0000000000002810                DoubleBufferedEPOutHandler::release()
 .text._ZN26DoubleBufferedEPOutHandler14handleEndpointEv
                0x0000000000002848       0xe2 .pio/build/nano_33_iot/libFrameworkArduino.a(USBCore.cpp.o)
                0x0000000000002848                DoubleBufferedEPOutHandler::handleEndpoint()
 .text._ZN14USBDeviceClass14SendInterfacesEPm
                0x000000000000292a       0x20 .pio/build/nano_33_iot/libFrameworkArduino.a(USBCore.cpp.o)
                0x000000000000292a                USBDeviceClass::SendInterfaces(unsigned long*)
 *fill*         0x000000000000294a        0x2 
 .text._ZN14USBDeviceClass6attachEv
                0x000000000000294c       0x34 .pio/build/nano_33_iot/libFrameworkArduino.a(USBCore.cpp.o)
                0x000000000000294c                USBDeviceClass::attach()
 .text._ZN14USBDeviceClass10setAddressEm
                0x0000000000002980       0x48 .pio/build/nano_33_iot/libFrameworkArduino.a(USBCore.cpp.o)
                0x0000000000002980                USBDeviceClass::setAddress(unsigned long)
 .text._ZN14USBDeviceClass25handleClassInterfaceSetupERN7arduino8USBSetupE
                0x00000000000029c8       0x24 .pio/build/nano_33_iot/libFrameworkArduino.a(USBCore.cpp.o)
                0x00000000000029c8                USBDeviceClass::handleClassInterfaceSetup(arduino::USBSetup&)
 .text._ZN14USBDeviceClass6initEPEmm
                0x00000000000029ec      0x10c .pio/build/nano_33_iot/libFrameworkArduino.a(USBCore.cpp.o)
                0x00000000000029ec                USBDeviceClass::initEP(unsigned long, unsigned long)
 .text._ZN14USBDeviceClass13initEndpointsEv
                0x0000000000002af8       0x24 .pio/build/nano_33_iot/libFrameworkArduino.a(USBCore.cpp.o)
                0x0000000000002af8                USBDeviceClass::initEndpoints()
 .text._ZN14USBDeviceClass5clearEm
                0x0000000000002b1c       0x38 .pio/build/nano_33_iot/libFrameworkArduino.a(USBCore.cpp.o)
                0x0000000000002b1c                USBDeviceClass::clear(unsigned long)
 .text._ZN14USBDeviceClass9availableEm
                0x0000000000002b54       0x2c .pio/build/nano_33_iot/libFrameworkArduino.a(USBCore.cpp.o)
                0x0000000000002b54                USBDeviceClass::available(unsigned long)
 .text._ZN14USBDeviceClass5flushEm
                0x0000000000002b80       0x2c .pio/build/nano_33_iot/libFrameworkArduino.a(USBCore.cpp.o)
                0x0000000000002b80                USBDeviceClass::flush(unsigned long)
 .text._ZN14USBDeviceClass4recvEmPvm
                0x0000000000002bac       0xc0 .pio/build/nano_33_iot/libFrameworkArduino.a(USBCore.cpp.o)
                0x0000000000002bac                USBDeviceClass::recv(unsigned long, void*, unsigned long)
 .text._ZN14USBDeviceClass4recvEm
                0x0000000000002c6c       0x1c .pio/build/nano_33_iot/libFrameworkArduino.a(USBCore.cpp.o)
                0x0000000000002c6c                USBDeviceClass::recv(unsigned long)
 .text._ZN14USBDeviceClass14armRecvCtrlOUTEm
                0x0000000000002c88       0x5c .pio/build/nano_33_iot/libFrameworkArduino.a(USBCore.cpp.o)
                0x0000000000002c88                USBDeviceClass::armRecvCtrlOUT(unsigned long)
 .text._ZN14USBDeviceClass11recvControlEPvm
                0x0000000000002ce4       0x28 .pio/build/nano_33_iot/libFrameworkArduino.a(USBCore.cpp.o)
                0x0000000000002ce4                USBDeviceClass::recvControl(void*, unsigned long)
 .text._ZN14USBDeviceClass4sendEmPKvm
                0x0000000000002d0c      0x10c .pio/build/nano_33_iot/libFrameworkArduino.a(USBCore.cpp.o)
                0x0000000000002d0c                USBDeviceClass::send(unsigned long, void const*, unsigned long)
 .text._ZN14USBDeviceClass7armSendEmPKvm
                0x0000000000002e18       0x48 .pio/build/nano_33_iot/libFrameworkArduino.a(USBCore.cpp.o)
                0x0000000000002e18                USBDeviceClass::armSend(unsigned long, void const*, unsigned long)
 .text._ZN14USBDeviceClass11sendControlEPKvm
                0x0000000000002e60       0x54 .pio/build/nano_33_iot/libFrameworkArduino.a(USBCore.cpp.o)
                0x0000000000002e60                USBDeviceClass::sendControl(void const*, unsigned long)
 .text._ZN14USBDeviceClass20sendStringDescriptorEPKhm
                0x0000000000002eb4       0x64 .pio/build/nano_33_iot/libFrameworkArduino.a(USBCore.cpp.o)
                0x0000000000002eb4                USBDeviceClass::sendStringDescriptor(unsigned char const*, unsigned long)
 .text._ZN14USBDeviceClass17sendConfigurationEm
                0x0000000000002f18       0x80 .pio/build/nano_33_iot/libFrameworkArduino.a(USBCore.cpp.o)
                0x0000000000002f18                USBDeviceClass::sendConfiguration(unsigned long)
 .text._ZN14USBDeviceClass14sendDescriptorERN7arduino8USBSetupE
                0x0000000000002f98       0xd8 .pio/build/nano_33_iot/libFrameworkArduino.a(USBCore.cpp.o)
                0x0000000000002f98                USBDeviceClass::sendDescriptor(arduino::USBSetup&)
 .text._ZN14USBDeviceClass7sendZlpEm
                0x0000000000003070       0x18 .pio/build/nano_33_iot/libFrameworkArduino.a(USBCore.cpp.o)
                0x0000000000003070                USBDeviceClass::sendZlp(unsigned long)
 .text._ZN14USBDeviceClass19handleStandardSetupERN7arduino8USBSetupE
                0x0000000000003088       0xf0 .pio/build/nano_33_iot/libFrameworkArduino.a(USBCore.cpp.o)
                0x0000000000003088                USBDeviceClass::handleStandardSetup(arduino::USBSetup&)
 .text._ZN14USBDeviceClass10ISRHandlerEv
                0x0000000000003178      0x108 .pio/build/nano_33_iot/libFrameworkArduino.a(USBCore.cpp.o)
                0x0000000000003178                USBDeviceClass::ISRHandler()
 .text.UDD_Handler
                0x0000000000003280       0x10 .pio/build/nano_33_iot/libFrameworkArduino.a(USBCore.cpp.o)
                0x0000000000003280                UDD_Handler
 .text._ZN7arduino13PluggableUSB_C2Ev
                0x0000000000003290       0x10 .pio/build/nano_33_iot/libFrameworkArduino.a(USBCore.cpp.o)
                0x0000000000003290                arduino::PluggableUSB_::PluggableUSB_()
                0x0000000000003290                arduino::PluggableUSB_::PluggableUSB_()
 .text._Z8epBufferj
                0x00000000000032a0        0xc .pio/build/nano_33_iot/libFrameworkArduino.a(USBCore.cpp.o)
                0x00000000000032a0                epBuffer(unsigned int)
 .text._ZN7arduino11RingBufferNILi64EE10store_charEh
                0x00000000000032ac       0x1c .pio/build/nano_33_iot/libFrameworkArduino.a(USBCore.cpp.o)
                0x00000000000032ac                arduino::RingBufferN<64>::store_char(unsigned char)
 .text._ZN26DoubleBufferedEPOutHandler5_recvEv
                0x00000000000032c8      0x15e .pio/build/nano_33_iot/libFrameworkArduino.a(USBCore.cpp.o)
                0x00000000000032c8                DoubleBufferedEPOutHandler::_recv()
 .text._ZN26DoubleBufferedEPOutHandler9availableEv
                0x0000000000003426        0xc .pio/build/nano_33_iot/libFrameworkArduino.a(USBCore.cpp.o)
                0x0000000000003426                DoubleBufferedEPOutHandler::available()
 .text._ZN26DoubleBufferedEPOutHandler4peekEv
                0x0000000000003432       0x1c .pio/build/nano_33_iot/libFrameworkArduino.a(USBCore.cpp.o)
                0x0000000000003432                DoubleBufferedEPOutHandler::peek()
 .text._ZN26DoubleBufferedEPOutHandler4recvEPvm
                0x000000000000344e       0x60 .pio/build/nano_33_iot/libFrameworkArduino.a(USBCore.cpp.o)
                0x000000000000344e                DoubleBufferedEPOutHandler::recv(void*, unsigned long)
 *fill*         0x00000000000034ae        0x2 
 .text.startup._GLOBAL__sub_I_usbd
                0x00000000000034b0       0x10 .pio/build/nano_33_iot/libFrameworkArduino.a(USBCore.cpp.o)
 .text._ZN14USBDeviceClass4initEv
                0x00000000000034c0      0x15c .pio/build/nano_33_iot/libFrameworkArduino.a(USBCore.cpp.o)
                0x00000000000034c0                USBDeviceClass::init()
 .text.EIC_Handler
                0x000000000000361c       0x3c .pio/build/nano_33_iot/libFrameworkArduino.a(WInterrupts.c.o)
                0x000000000000361c                EIC_Handler
 .text._ZN7arduino13PluggableUSB_12getInterfaceEPh
                0x0000000000003658       0x28 .pio/build/nano_33_iot/libFrameworkArduino.a(PluggableUSB.cpp.o)
                0x0000000000003658                arduino::PluggableUSB_::getInterface(unsigned char*)
 .text._ZN7arduino13PluggableUSB_13getDescriptorERNS_8USBSetupE
                0x0000000000003680       0x20 .pio/build/nano_33_iot/libFrameworkArduino.a(PluggableUSB.cpp.o)
                0x0000000000003680                arduino::PluggableUSB_::getDescriptor(arduino::USBSetup&)
 .text._ZN7arduino13PluggableUSB_12getShortNameEPc
                0x00000000000036a0       0x1e .pio/build/nano_33_iot/libFrameworkArduino.a(PluggableUSB.cpp.o)
                0x00000000000036a0                arduino::PluggableUSB_::getShortName(char*)
 .text._ZN7arduino13PluggableUSB_5setupERNS_8USBSetupE
                0x00000000000036be       0x20 .pio/build/nano_33_iot/libFrameworkArduino.a(PluggableUSB.cpp.o)
                0x00000000000036be                arduino::PluggableUSB_::setup(arduino::USBSetup&)
 .text._ZN7arduino13PluggableUSB_4plugEPNS_18PluggableUSBModuleE
                0x00000000000036de       0x5c .pio/build/nano_33_iot/libFrameworkArduino.a(PluggableUSB.cpp.o)
                0x00000000000036de                arduino::PluggableUSB_::plug(arduino::PluggableUSBModule*)
 *fill*         0x000000000000373a        0x2 
 .text._Z12PluggableUSBv
                0x000000000000373c       0x24 .pio/build/nano_33_iot/libFrameworkArduino.a(PluggableUSB.cpp.o)
                0x000000000000373c                PluggableUSB()
 .text._ZN7arduino5Print5writeEPKhj
                0x0000000000003760       0x28 .pio/build/nano_33_iot/libFrameworkArduino.a(Print.cpp.o)
                0x0000000000003760                arduino::Print::write(unsigned char const*, unsigned int)
 .text._ZN7arduino5Print5writeEPKc.part.2
                0x0000000000003788       0x1a .pio/build/nano_33_iot/libFrameworkArduino.a(Print.cpp.o)
 .text._ZN7arduino5Print5writeEPKc
                0x00000000000037a2       0x10 .pio/build/nano_33_iot/libFrameworkArduino.a(Print.cpp.o)
                0x00000000000037a2                arduino::Print::write(char const*)
 *fill*         0x00000000000037b2        0x2 
 .text._ZN7arduino5Print7printlnEv
                0x00000000000037b4       0x10 .pio/build/nano_33_iot/libFrameworkArduino.a(Print.cpp.o)
                0x00000000000037b4                arduino::Print::println()
 .text._ZN7arduino5Print7printlnEPKc
                0x00000000000037c4       0x14 .pio/build/nano_33_iot/libFrameworkArduino.a(Print.cpp.o)
                0x00000000000037c4                arduino::Print::println(char const*)
 .text.Dummy_Handler
                0x00000000000037d8        0x2 .pio/build/nano_33_iot/libFrameworkArduino.a(cortex_handlers.c.o)
                0x00000000000037d8                SYSCTRL_Handler
                0x00000000000037d8                HardFault_Handler
                0x00000000000037d8                AC_Handler
                0x00000000000037d8                PendSV_Handler
                0x00000000000037d8                NMI_Handler
                0x00000000000037d8                TC7_Handler
                0x00000000000037d8                SERCOM1_Handler
                0x00000000000037d8                ADC_Handler
                0x00000000000037d8                TCC1_Handler
                0x00000000000037d8                TCC0_Handler
                0x00000000000037d8                RTC_Handler
                0x00000000000037d8                TC6_Handler
                0x00000000000037d8                WDT_Handler
                0x00000000000037d8                TC4_Handler
                0x00000000000037d8                TC3_Handler
                0x00000000000037d8                Dummy_Handler
                0x00000000000037d8                PM_Handler
                0x00000000000037d8                SVC_Handler
                0x00000000000037d8                TCC2_Handler
                0x00000000000037d8                EVSYS_Handler
                0x00000000000037d8                SERCOM4_Handler
                0x00000000000037d8                I2S_Handler
                0x00000000000037d8                NVMCTRL_Handler
                0x00000000000037d8                SERCOM0_Handler
                0x00000000000037d8                DAC_Handler
                0x00000000000037d8                PTC_Handler
                0x00000000000037d8                DMAC_Handler
 *fill*         0x00000000000037da        0x2 
 .text.USB_Handler
                0x00000000000037dc       0x14 .pio/build/nano_33_iot/libFrameworkArduino.a(cortex_handlers.c.o)
                0x00000000000037dc                USB_Handler
 .text.Reset_Handler
                0x00000000000037f0       0x54 .pio/build/nano_33_iot/libFrameworkArduino.a(cortex_handlers.c.o)
                0x00000000000037f0                Reset_Handler
 .text.SysTick_Handler
                0x0000000000003844       0x10 .pio/build/nano_33_iot/libFrameworkArduino.a(cortex_handlers.c.o)
                0x0000000000003844                SysTick_Handler
 .text.USB_SetHandler
                0x0000000000003854        0xc .pio/build/nano_33_iot/libFrameworkArduino.a(cortex_handlers.c.o)
                0x0000000000003854                USB_SetHandler
 .text.millis   0x0000000000003860        0xc .pio/build/nano_33_iot/libFrameworkArduino.a(delay.c.o)
                0x0000000000003860                millis
 .text.micros   0x000000000000386c       0x60 .pio/build/nano_33_iot/libFrameworkArduino.a(delay.c.o)
                0x000000000000386c                micros
 .text.delay    0x00000000000038cc       0x30 .pio/build/nano_33_iot/libFrameworkArduino.a(delay.c.o)
                0x00000000000038cc                delay
 .text.SysTick_DefaultHandler
                0x00000000000038fc       0x14 .pio/build/nano_33_iot/libFrameworkArduino.a(delay.c.o)
                0x00000000000038fc                SysTick_DefaultHandler
 .text.__empty  0x0000000000003910        0x2 .pio/build/nano_33_iot/libFrameworkArduino.a(hooks.c.o)
                0x0000000000003910                yield
 .text.__false  0x0000000000003912        0x4 .pio/build/nano_33_iot/libFrameworkArduino.a(hooks.c.o)
                0x0000000000003912                sysTickHook
 *fill*         0x0000000000003916        0x2 
 .text.startup.main
                0x0000000000003918       0x40 .pio/build/nano_33_iot/libFrameworkArduino.a(main.cpp.o)
                0x0000000000003918                main
 .text._Znwj    0x0000000000003958        0x8 .pio/build/nano_33_iot/libFrameworkArduino.a(new.cpp.o)
                0x0000000000003958                operator new(unsigned int)
 .text._ZdlPv   0x0000000000003960        0x8 .pio/build/nano_33_iot/libFrameworkArduino.a(new.cpp.o)
                0x0000000000003960                operator delete(void*)
 .text.SystemInit
                0x0000000000003968      0x194 .pio/build/nano_33_iot/libFrameworkArduino.a(startup.c.o)
                0x0000000000003968                SystemInit
 .text.init     0x0000000000003afc       0xf0 .pio/build/nano_33_iot/libFrameworkArduino.a(wiring.c.o)
                0x0000000000003afc                init
 .text.analogReference
                0x0000000000003bec       0x64 .pio/build/nano_33_iot/libFrameworkArduino.a(wiring_analog.c.o)
                0x0000000000003bec                analogReference
 .text.pinMode  0x0000000000003c50       0x98 .pio/build/nano_33_iot/libFrameworkArduino.a(wiring_digital.c.o)
                0x0000000000003c50                pinMode
 .text.digitalWrite
                0x0000000000003ce8       0x58 .pio/build/nano_33_iot/libFrameworkArduino.a(wiring_digital.c.o)
                0x0000000000003ce8                digitalWrite
 .text.pinPeripheral
                0x0000000000003d40       0xc0 .pio/build/nano_33_iot/libFrameworkArduino.a(wiring_private.c.o)
                0x0000000000003d40                pinPeripheral
 .text.initiateReset
                0x0000000000003e00       0x14 .pio/build/nano_33_iot/libFrameworkArduino.a(Reset.cpp.o)
                0x0000000000003e00                initiateReset
 .text.cancelReset
                0x0000000000003e14       0x10 .pio/build/nano_33_iot/libFrameworkArduino.a(Reset.cpp.o)
                0x0000000000003e14                cancelReset
 .text.tickReset
                0x0000000000003e24       0x78 .pio/build/nano_33_iot/libFrameworkArduino.a(Reset.cpp.o)
                0x0000000000003e24                tickReset
 .text.initVariant
                0x0000000000003e9c       0x24 .pio/build/nano_33_iot/libFrameworkArduinoVariant.a(variant.cpp.o)
                0x0000000000003e9c                initVariant
 .text.SERCOM5_Handler
                0x0000000000003ec0       0x10 .pio/build/nano_33_iot/libFrameworkArduinoVariant.a(variant.cpp.o)
                0x0000000000003ec0                SERCOM5_Handler
 .text.SERCOM3_Handler
                0x0000000000003ed0       0x10 .pio/build/nano_33_iot/libFrameworkArduinoVariant.a(variant.cpp.o)
                0x0000000000003ed0                SERCOM3_Handler
 .text.SERCOM2_Handler
                0x0000000000003ee0       0x10 .pio/build/nano_33_iot/libFrameworkArduinoVariant.a(variant.cpp.o)
                0x0000000000003ee0                SERCOM2_Handler
 .text.startup._GLOBAL__sub_I_g_APinDescription
                0x0000000000003ef0       0xbc .pio/build/nano_33_iot/libFrameworkArduinoVariant.a(variant.cpp.o)
 .text._ZN6SERCOMC2EP6Sercom
                0x0000000000003fac        0x8 .pio/build/nano_33_iot/libFrameworkArduino.a(SERCOM.cpp.o)
                0x0000000000003fac                SERCOM::SERCOM(Sercom*)
                0x0000000000003fac                SERCOM::SERCOM(Sercom*)
 .text._ZN6SERCOM9initFrameE18SercomUartCharSize15SercomDataOrder16SercomParityMode19SercomNumberStopBit
                0x0000000000003fb4       0x3a .pio/build/nano_33_iot/libFrameworkArduino.a(SERCOM.cpp.o)
                0x0000000000003fb4                SERCOM::initFrame(SercomUartCharSize, SercomDataOrder, SercomParityMode, SercomNumberStopBit)
 .text._ZN6SERCOM8initPadsE15SercomUartTXPad11SercomRXPad
                0x0000000000003fee       0x26 .pio/build/nano_33_iot/libFrameworkArduino.a(SERCOM.cpp.o)
                0x0000000000003fee                SERCOM::initPads(SercomUartTXPad, SercomRXPad)
 .text._ZN6SERCOM9resetUARTEv
                0x0000000000004014       0x1a .pio/build/nano_33_iot/libFrameworkArduino.a(SERCOM.cpp.o)
                0x0000000000004014                SERCOM::resetUART()
 .text._ZN6SERCOM10enableUARTEv
                0x000000000000402e       0x14 .pio/build/nano_33_iot/libFrameworkArduino.a(SERCOM.cpp.o)
                0x000000000000402e                SERCOM::enableUART()
 .text._ZN6SERCOM9flushUARTEv
                0x0000000000004042       0x14 .pio/build/nano_33_iot/libFrameworkArduino.a(SERCOM.cpp.o)
                0x0000000000004042                SERCOM::flushUART()
 .text._ZN6SERCOM15clearStatusUARTEv
                0x0000000000004056        0x8 .pio/build/nano_33_iot/libFrameworkArduino.a(SERCOM.cpp.o)
                0x0000000000004056                SERCOM::clearStatusUART()
 .text._ZN6SERCOM17availableDataUARTEv
                0x000000000000405e        0xa .pio/build/nano_33_iot/libFrameworkArduino.a(SERCOM.cpp.o)
                0x000000000000405e                SERCOM::availableDataUART()
 .text._ZN6SERCOM11isUARTErrorEv
                0x0000000000004068        0x8 .pio/build/nano_33_iot/libFrameworkArduino.a(SERCOM.cpp.o)
                0x0000000000004068                SERCOM::isUARTError()
 .text._ZN6SERCOM20acknowledgeUARTErrorEv
                0x0000000000004070        0xe .pio/build/nano_33_iot/libFrameworkArduino.a(SERCOM.cpp.o)
                0x0000000000004070                SERCOM::acknowledgeUARTError()
 .text._ZN6SERCOM16isFrameErrorUARTEv
                0x000000000000407e        0xa .pio/build/nano_33_iot/libFrameworkArduino.a(SERCOM.cpp.o)
                0x000000000000407e                SERCOM::isFrameErrorUART()
 .text._ZN6SERCOM19clearFrameErrorUARTEv
                0x0000000000004088        0xc .pio/build/nano_33_iot/libFrameworkArduino.a(SERCOM.cpp.o)
                0x0000000000004088                SERCOM::clearFrameErrorUART()
 .text._ZN6SERCOM23isDataRegisterEmptyUARTEv
                0x0000000000004094        0xa .pio/build/nano_33_iot/libFrameworkArduino.a(SERCOM.cpp.o)
                0x0000000000004094                SERCOM::isDataRegisterEmptyUART()
 .text._ZN6SERCOM12readDataUARTEv
                0x000000000000409e        0x8 .pio/build/nano_33_iot/libFrameworkArduino.a(SERCOM.cpp.o)
                0x000000000000409e                SERCOM::readDataUART()
 .text._ZN6SERCOM13writeDataUARTEh
                0x00000000000040a6       0x14 .pio/build/nano_33_iot/libFrameworkArduino.a(SERCOM.cpp.o)
                0x00000000000040a6                SERCOM::writeDataUART(unsigned char)
 .text._ZN6SERCOM36enableDataRegisterEmptyInterruptUARTEv
                0x00000000000040ba        0x8 .pio/build/nano_33_iot/libFrameworkArduino.a(SERCOM.cpp.o)
                0x00000000000040ba                SERCOM::enableDataRegisterEmptyInterruptUART()
 .text._ZN6SERCOM37disableDataRegisterEmptyInterruptUARTEv
                0x00000000000040c2        0x8 .pio/build/nano_33_iot/libFrameworkArduino.a(SERCOM.cpp.o)
                0x00000000000040c2                SERCOM::disableDataRegisterEmptyInterruptUART()
 *fill*         0x00000000000040ca        0x2 
 .text._ZN6SERCOM13initClockNVICEv
                0x00000000000040cc       0xa8 .pio/build/nano_33_iot/libFrameworkArduino.a(SERCOM.cpp.o)
                0x00000000000040cc                SERCOM::initClockNVIC()
 .text._ZN6SERCOM8initUARTE14SercomUartMode20SercomUartSampleRatem
                0x0000000000004174       0x6c .pio/build/nano_33_iot/libFrameworkArduino.a(SERCOM.cpp.o)
                0x0000000000004174                SERCOM::initUART(SercomUartMode, SercomUartSampleRate, unsigned long)
 .text._ZN4UartcvbEv
                0x00000000000041e0        0x4 .pio/build/nano_33_iot/libFrameworkArduino.a(Uart.cpp.o)
                0x00000000000041e0                Uart::operator bool()
 .text._ZN4Uart5beginEm
                0x00000000000041e4       0x10 .pio/build/nano_33_iot/libFrameworkArduino.a(Uart.cpp.o)
                0x00000000000041e4                Uart::begin(unsigned long)
 .text._ZN4Uart9availableEv
                0x00000000000041f4        0x6 .pio/build/nano_33_iot/libFrameworkArduino.a(Uart.cpp.o)
                0x00000000000041f4                Uart::available()
 .text._ZN4Uart17availableForWriteEv
                0x00000000000041fa       0x10 .pio/build/nano_33_iot/libFrameworkArduino.a(Uart.cpp.o)
                0x00000000000041fa                Uart::availableForWrite()
 .text._ZN4Uart4peekEv
                0x000000000000420a       0x18 .pio/build/nano_33_iot/libFrameworkArduino.a(Uart.cpp.o)
                0x000000000000420a                Uart::peek()
 .text._ZN4Uart3endEv
                0x0000000000004222       0x24 .pio/build/nano_33_iot/libFrameworkArduino.a(Uart.cpp.o)
                0x0000000000004222                Uart::end()
 .text._ZN4Uart5flushEv
                0x0000000000004246       0x16 .pio/build/nano_33_iot/libFrameworkArduino.a(Uart.cpp.o)
                0x0000000000004246                Uart::flush()
 .text._ZN4Uart16extractNbStopBitEt
                0x000000000000425c        0xc .pio/build/nano_33_iot/libFrameworkArduino.a(Uart.cpp.o)
                0x000000000000425c                Uart::extractNbStopBit(unsigned short)
 .text._ZN4Uart15extractCharSizeEt
                0x0000000000004268       0x28 .pio/build/nano_33_iot/libFrameworkArduino.a(Uart.cpp.o)
                0x0000000000004268                Uart::extractCharSize(unsigned short)
 .text._ZN4Uart13extractParityEt
                0x0000000000004290       0x14 .pio/build/nano_33_iot/libFrameworkArduino.a(Uart.cpp.o)
                0x0000000000004290                Uart::extractParity(unsigned short)
 .text._ZN4Uart5beginEmt
                0x00000000000042a4       0xf8 .pio/build/nano_33_iot/libFrameworkArduino.a(Uart.cpp.o)
                0x00000000000042a4                Uart::begin(unsigned long, unsigned short)
 .text._ZN7arduino11RingBufferNILi256EEC2Ev
                0x000000000000439c       0x1e .pio/build/nano_33_iot/libFrameworkArduino.a(Uart.cpp.o)
                0x000000000000439c                arduino::RingBufferN<256>::RingBufferN()
                0x000000000000439c                arduino::RingBufferN<256>::RingBufferN()
 *fill*         0x00000000000043ba        0x2 
 .text._ZN4UartC2EP6SERCOMhh11SercomRXPad15SercomUartTXPadhh
                0x00000000000043bc       0x88 .pio/build/nano_33_iot/libFrameworkArduino.a(Uart.cpp.o)
                0x00000000000043bc                Uart::Uart(SERCOM*, unsigned char, unsigned char, SercomRXPad, SercomUartTXPad, unsigned char, unsigned char)
                0x00000000000043bc                Uart::Uart(SERCOM*, unsigned char, unsigned char, SercomRXPad, SercomUartTXPad, unsigned char, unsigned char)
 .text._ZN4UartC2EP6SERCOMhh11SercomRXPad15SercomUartTXPad
                0x0000000000004444       0x74 .pio/build/nano_33_iot/libFrameworkArduino.a(Uart.cpp.o)
                0x0000000000004444                Uart::Uart(SERCOM*, unsigned char, unsigned char, SercomRXPad, SercomUartTXPad)
                0x0000000000004444                Uart::Uart(SERCOM*, unsigned char, unsigned char, SercomRXPad, SercomUartTXPad)
 .text._ZN7arduino15SafeRingBufferNILi256EE10store_charEh
                0x00000000000044b8       0x4a .pio/build/nano_33_iot/libFrameworkArduino.a(Uart.cpp.o)
                0x00000000000044b8                arduino::SafeRingBufferN<256>::store_char(unsigned char)
 .text._ZN7arduino15SafeRingBufferNILi256EE9read_charEv
                0x0000000000004502       0x50 .pio/build/nano_33_iot/libFrameworkArduino.a(Uart.cpp.o)
                0x0000000000004502                arduino::SafeRingBufferN<256>::read_char()
 .text._ZN4Uart10IrqHandlerEv
                0x0000000000004552       0xa4 .pio/build/nano_33_iot/libFrameworkArduino.a(Uart.cpp.o)
                0x0000000000004552                Uart::IrqHandler()
 *fill*         0x00000000000045f6        0x2 
 .text._ZN4Uart5writeEh
                0x00000000000045f8       0x9c .pio/build/nano_33_iot/libFrameworkArduino.a(Uart.cpp.o)
                0x00000000000045f8                Uart::write(unsigned char)
 .text._ZN4Uart4readEv
                0x0000000000004694       0x34 .pio/build/nano_33_iot/libFrameworkArduino.a(Uart.cpp.o)
                0x0000000000004694                Uart::read()
 .text          0x00000000000046c8       0x14 /Users/bmmli.jl/.platformio/packages/toolchain-gccarmnoneeabi@1.70201.0/bin/../lib/gcc/arm-none-eabi/7.2.1/thumb/v6-m/libgcc.a(_thumb1_case_uqi.o)
                0x00000000000046c8                __gnu_thumb1_case_uqi
 .text          0x00000000000046dc      0x114 /Users/bmmli.jl/.platformio/packages/toolchain-gccarmnoneeabi@1.70201.0/bin/../lib/gcc/arm-none-eabi/7.2.1/thumb/v6-m/libgcc.a(_udivsi3.o)
                0x00000000000046dc                __udivsi3
                0x00000000000046dc                __aeabi_uidiv
                0x00000000000047e8                __aeabi_uidivmod
 .text          0x00000000000047f0        0x4 /Users/bmmli.jl/.platformio/packages/toolchain-gccarmnoneeabi@1.70201.0/bin/../lib/gcc/arm-none-eabi/7.2.1/thumb/v6-m/libgcc.a(_dvmd_tls.o)
                0x00000000000047f0                __aeabi_ldiv0
                0x00000000000047f0                __aeabi_idiv0
 .text.__libc_init_array
                0x00000000000047f4       0x48 /Users/bmmli.jl/.platformio/packages/toolchain-gccarmnoneeabi@1.70201.0/bin/../lib/gcc/arm-none-eabi/7.2.1/../../../../arm-none-eabi/lib/thumb/v6-m/libc_nano.a(lib_a-init.o)
                0x00000000000047f4                __libc_init_array
 .text.malloc   0x000000000000483c       0x14 /Users/bmmli.jl/.platformio/packages/toolchain-gccarmnoneeabi@1.70201.0/bin/../lib/gcc/arm-none-eabi/7.2.1/../../../../arm-none-eabi/lib/thumb/v6-m/libc_nano.a(lib_a-malloc.o)
                0x000000000000483c                malloc
 .text.free     0x0000000000004850       0x14 /Users/bmmli.jl/.platformio/packages/toolchain-gccarmnoneeabi@1.70201.0/bin/../lib/gcc/arm-none-eabi/7.2.1/../../../../arm-none-eabi/lib/thumb/v6-m/libc_nano.a(lib_a-malloc.o)
                0x0000000000004850                free
 .text.memcpy   0x0000000000004864       0x12 /Users/bmmli.jl/.platformio/packages/toolchain-gccarmnoneeabi@1.70201.0/bin/../lib/gcc/arm-none-eabi/7.2.1/../../../../arm-none-eabi/lib/thumb/v6-m/libc_nano.a(lib_a-memcpy-stub.o)
                0x0000000000004864                memcpy
 .text.memset   0x0000000000004876       0x10 /Users/bmmli.jl/.platformio/packages/toolchain-gccarmnoneeabi@1.70201.0/bin/../lib/gcc/arm-none-eabi/7.2.1/../../../../arm-none-eabi/lib/thumb/v6-m/libc_nano.a(lib_a-memset.o)
                0x0000000000004876                memset
 *fill*         0x0000000000004886        0x2 
 .text._free_r  0x0000000000004888       0x94 /Users/bmmli.jl/.platformio/packages/toolchain-gccarmnoneeabi@1.70201.0/bin/../lib/gcc/arm-none-eabi/7.2.1/../../../../arm-none-eabi/lib/thumb/v6-m/libc_nano.a(lib_a-nano-freer.o)
                0x0000000000004888                _free_r
 .text._malloc_r
                0x000000000000491c       0xbc /Users/bmmli.jl/.platformio/packages/toolchain-gccarmnoneeabi@1.70201.0/bin/../lib/gcc/arm-none-eabi/7.2.1/../../../../arm-none-eabi/lib/thumb/v6-m/libc_nano.a(lib_a-nano-mallocr.o)
                0x000000000000491c                _malloc_r
 .text._sbrk_r  0x00000000000049d8       0x24 /Users/bmmli.jl/.platformio/packages/toolchain-gccarmnoneeabi@1.70201.0/bin/../lib/gcc/arm-none-eabi/7.2.1/../../../../arm-none-eabi/lib/thumb/v6-m/libc_nano.a(lib_a-sbrkr.o)
                0x00000000000049d8                _sbrk_r
 .text          0x00000000000049fc        0xe /Users/bmmli.jl/.platformio/packages/toolchain-gccarmnoneeabi@1.70201.0/bin/../lib/gcc/arm-none-eabi/7.2.1/../../../../arm-none-eabi/lib/thumb/v6-m/libc_nano.a(lib_a-strlen.o)
                0x00000000000049fc                strlen
 .text.__malloc_lock
                0x0000000000004a0a        0x2 /Users/bmmli.jl/.platformio/packages/toolchain-gccarmnoneeabi@1.70201.0/bin/../lib/gcc/arm-none-eabi/7.2.1/../../../../arm-none-eabi/lib/thumb/v6-m/libc_nano.a(lib_a-mlock.o)
                0x0000000000004a0a                __malloc_lock
 .text.__malloc_unlock
                0x0000000000004a0c        0x2 /Users/bmmli.jl/.platformio/packages/toolchain-gccarmnoneeabi@1.70201.0/bin/../lib/gcc/arm-none-eabi/7.2.1/../../../../arm-none-eabi/lib/thumb/v6-m/libc_nano.a(lib_a-mlock.o)
                0x0000000000004a0c                __malloc_unlock
 *fill*         0x0000000000004a0e        0x2 
 .text._sbrk    0x0000000000004a10       0x1c /Users/bmmli.jl/.platformio/packages/toolchain-gccarmnoneeabi@1.70201.0/bin/../lib/gcc/arm-none-eabi/7.2.1/../../../../arm-none-eabi/lib/thumb/v6-m/libnosys.a(sbrk.o)
                0x0000000000004a10                _sbrk
 *(.init)
 .init          0x0000000000004a2c        0x4 /Users/bmmli.jl/.platformio/packages/toolchain-gccarmnoneeabi@1.70201.0/bin/../lib/gcc/arm-none-eabi/7.2.1/thumb/v6-m/crti.o
                0x0000000000004a2c                _init
 .init          0x0000000000004a30        0x8 /Users/bmmli.jl/.platformio/packages/toolchain-gccarmnoneeabi@1.70201.0/bin/../lib/gcc/arm-none-eabi/7.2.1/thumb/v6-m/crtn.o
 *(.fini)
 .fini          0x0000000000004a38        0x4 /Users/bmmli.jl/.platformio/packages/toolchain-gccarmnoneeabi@1.70201.0/bin/../lib/gcc/arm-none-eabi/7.2.1/thumb/v6-m/crti.o
                0x0000000000004a38                _fini
 .fini          0x0000000000004a3c        0x8 /Users/bmmli.jl/.platformio/packages/toolchain-gccarmnoneeabi@1.70201.0/bin/../lib/gcc/arm-none-eabi/7.2.1/thumb/v6-m/crtn.o
 *crtbegin.o(.ctors)
 *crtbegin?.o(.ctors)
 *(EXCLUDE_FILE(*crtend.o *crtend?.o) .ctors)
 *(SORT_BY_NAME(.ctors.*))
 *(.ctors)
 *crtbegin.o(.dtors)
 *crtbegin?.o(.dtors)
 *(EXCLUDE_FILE(*crtend.o *crtend?.o) .dtors)
 *(SORT_BY_NAME(.dtors.*))
 *(.dtors)
 *(.rodata*)
 *fill*         0x0000000000004a44       0xbc 
 .rodata._ZL13_datatest_sto
                0x0000000000004b00      0x100 .pio/build/nano_33_iot/src/main.cpp.o
 .rodata._ZL19_dataeeprom_storage
                0x0000000000004c00      0x500 .pio/build/nano_33_iot/src/main.cpp.o
 .rodata._ZL9pageSizes
                0x0000000000005100       0x20 .pio/build/nano_33_iot/src/main.cpp.o
 .rodata.setup.str1.1
                0x0000000000005120       0x21 .pio/build/nano_33_iot/src/main.cpp.o
 *fill*         0x0000000000005141        0x3 
 .rodata        0x0000000000005144        0x8 .pio/build/nano_33_iot/libFrameworkArduino.a(CDC.cpp.o)
 .rodata._ZTV7Serial_
                0x000000000000514c       0x60 .pio/build/nano_33_iot/libFrameworkArduino.a(CDC.cpp.o)
                0x000000000000514c                vtable for Serial_
 .rodata._ZTV26DoubleBufferedEPOutHandler
                0x00000000000051ac       0x24 .pio/build/nano_33_iot/libFrameworkArduino.a(USBCore.cpp.o)
                0x00000000000051ac                vtable for DoubleBufferedEPOutHandler
 .rodata._ZL14STRING_PRODUCT
                0x00000000000051d0       0x14 .pio/build/nano_33_iot/libFrameworkArduino.a(USBCore.cpp.o)
 .rodata._ZL15STRING_LANGUAGE
                0x00000000000051e4        0x4 .pio/build/nano_33_iot/libFrameworkArduino.a(USBCore.cpp.o)
 .rodata._ZL19STRING_MANUFACTURER
                0x00000000000051e8        0xc .pio/build/nano_33_iot/libFrameworkArduino.a(USBCore.cpp.o)
 .rodata._ZL21USB_DeviceDescriptorB
                0x00000000000051f4       0x12 .pio/build/nano_33_iot/libFrameworkArduino.a(USBCore.cpp.o)
 .rodata._ZN7arduino5Print7printlnEv.str1.1
                0x0000000000005206        0x3 .pio/build/nano_33_iot/libFrameworkArduino.a(Print.cpp.o)
 *fill*         0x0000000000005209        0x3 
 .rodata.g_APinDescription
                0x000000000000520c      0x318 .pio/build/nano_33_iot/libFrameworkArduinoVariant.a(variant.cpp.o)
                0x000000000000520c                g_APinDescription
 .rodata._ZTV4Uart
                0x0000000000005524       0x34 .pio/build/nano_33_iot/libFrameworkArduino.a(Uart.cpp.o)
                0x0000000000005524                vtable for Uart
 *(.eh_frame*)
 .eh_frame      0x0000000000005558        0x0 /Users/bmmli.jl/.platformio/packages/toolchain-gccarmnoneeabi@1.70201.0/bin/../lib/gcc/arm-none-eabi/7.2.1/thumb/v6-m/crtbegin.o
 .eh_frame      0x0000000000005558        0x4 /Users/bmmli.jl/.platformio/packages/toolchain-gccarmnoneeabi@1.70201.0/bin/../lib/gcc/arm-none-eabi/7.2.1/thumb/v6-m/crtend.o

.glue_7         0x000000000000555c        0x0
 .glue_7        0x000000000000555c        0x0 linker stubs

.glue_7t        0x000000000000555c        0x0
 .glue_7t       0x000000000000555c        0x0 linker stubs

.vfp11_veneer   0x000000000000555c        0x0
 .vfp11_veneer  0x000000000000555c        0x0 linker stubs

.v4_bx          0x000000000000555c        0x0
 .v4_bx         0x000000000000555c        0x0 linker stubs

.iplt           0x000000000000555c        0x0
 .iplt          0x000000000000555c        0x0 /Users/bmmli.jl/.platformio/packages/toolchain-gccarmnoneeabi@1.70201.0/bin/../lib/gcc/arm-none-eabi/7.2.1/thumb/v6-m/crtbegin.o

.rel.dyn        0x000000000000555c        0x0
 .rel.iplt      0x000000000000555c        0x0 /Users/bmmli.jl/.platformio/packages/toolchain-gccarmnoneeabi@1.70201.0/bin/../lib/gcc/arm-none-eabi/7.2.1/thumb/v6-m/crtbegin.o

.ARM.extab
 *(.ARM.extab* .gnu.linkonce.armextab.*)
                0x000000000000555c                __exidx_start = .

.ARM.exidx
 *(.ARM.exidx* .gnu.linkonce.armexidx.*)
                0x000000000000555c                __exidx_end = .
                0x000000000000555c                __etext = .

.data           0x0000000020000000       0x8c load address 0x000000000000555c
                0x0000000020000000                __data_start__ = .
 *(vtable)
 *(.data*)
 .data._ZL10breakValue
                0x0000000020000000        0x4 .pio/build/nano_33_iot/libFrameworkArduino.a(CDC.cpp.o)
 .data._serialPeek
                0x0000000020000004        0x4 .pio/build/nano_33_iot/libFrameworkArduino.a(CDC.cpp.o)
                0x0000000020000004                _serialPeek
 .data.SystemCoreClock
                0x0000000020000008        0x4 .pio/build/nano_33_iot/libFrameworkArduino.a(wiring.c.o)
                0x0000000020000008                SystemCoreClock
 .data._ZL5ticks
                0x000000002000000c        0x4 .pio/build/nano_33_iot/libFrameworkArduino.a(Reset.cpp.o)
 .data._impure_ptr
                0x0000000020000010        0x4 /Users/bmmli.jl/.platformio/packages/toolchain-gccarmnoneeabi@1.70201.0/bin/../lib/gcc/arm-none-eabi/7.2.1/../../../../arm-none-eabi/lib/thumb/v6-m/libc_nano.a(lib_a-impure.o)
                0x0000000020000010                _impure_ptr
 .data.impure_data
                0x0000000020000014       0x60 /Users/bmmli.jl/.platformio/packages/toolchain-gccarmnoneeabi@1.70201.0/bin/../lib/gcc/arm-none-eabi/7.2.1/../../../../arm-none-eabi/lib/thumb/v6-m/libc_nano.a(lib_a-impure.o)
                0x0000000020000074                . = ALIGN (0x4)
                0x0000000020000074                PROVIDE (__preinit_array_start, .)
 *(.preinit_array)
                0x0000000020000074                PROVIDE (__preinit_array_end, .)
                0x0000000020000074                . = ALIGN (0x4)
                0x0000000020000074                PROVIDE (__init_array_start, .)
 *(SORT_BY_NAME(.init_array.*))
 *(.init_array)
 .init_array    0x0000000020000074        0x4 /Users/bmmli.jl/.platformio/packages/toolchain-gccarmnoneeabi@1.70201.0/bin/../lib/gcc/arm-none-eabi/7.2.1/thumb/v6-m/crtbegin.o
 .init_array    0x0000000020000078        0x4 .pio/build/nano_33_iot/src/main.cpp.o
 .init_array    0x000000002000007c        0x4 .pio/build/nano_33_iot/libFrameworkArduino.a(CDC.cpp.o)
 .init_array    0x0000000020000080        0x4 .pio/build/nano_33_iot/libFrameworkArduino.a(USBCore.cpp.o)
 .init_array    0x0000000020000084        0x4 .pio/build/nano_33_iot/libFrameworkArduinoVariant.a(variant.cpp.o)
                0x0000000020000088                PROVIDE (__init_array_end, .)
                0x0000000020000088                . = ALIGN (0x4)
                [!provide]                        PROVIDE (__fini_array_start, .)
 *(SORT_BY_NAME(.fini_array.*))
 *(.fini_array)
 .fini_array    0x0000000020000088        0x4 /Users/bmmli.jl/.platformio/packages/toolchain-gccarmnoneeabi@1.70201.0/bin/../lib/gcc/arm-none-eabi/7.2.1/thumb/v6-m/crtbegin.o
                [!provide]                        PROVIDE (__fini_array_end, .)
 *(.jcr*)
                0x000000002000008c                . = ALIGN (0x4)
                0x000000002000008c                __data_end__ = .

.igot.plt       0x000000002000008c        0x0 load address 0x00000000000055e8
 .igot.plt      0x000000002000008c        0x0 /Users/bmmli.jl/.platformio/packages/toolchain-gccarmnoneeabi@1.70201.0/bin/../lib/gcc/arm-none-eabi/7.2.1/thumb/v6-m/crtbegin.o

.bss            0x000000002000008c      0xe30 load address 0x00000000000055e8
                0x000000002000008c                . = ALIGN (0x4)
                0x000000002000008c                __bss_start__ = .
 *(.bss*)
 .bss           0x000000002000008c       0x1c /Users/bmmli.jl/.platformio/packages/toolchain-gccarmnoneeabi@1.70201.0/bin/../lib/gcc/arm-none-eabi/7.2.1/thumb/v6-m/crtbegin.o
 .bss._ZL14eeprom_storage
                0x00000000200000a8       0x18 .pio/build/nano_33_iot/src/main.cpp.o
 .bss.coordinates
                0x00000000200000c0        0x4 .pio/build/nano_33_iot/src/main.cpp.o
                0x00000000200000c0                coordinates
 .bss.local     0x00000000200000c4        0x8 .pio/build/nano_33_iot/src/main.cpp.o
                0x00000000200000c4                local
 .bss.remote    0x00000000200000cc        0x8 .pio/build/nano_33_iot/src/main.cpp.o
                0x00000000200000cc                remote
 .bss.test_sto  0x00000000200000d4       0x18 .pio/build/nano_33_iot/src/main.cpp.o
                0x00000000200000d4                test_sto
 .bss.SerialUSB
                0x00000000200000ec       0x3c .pio/build/nano_33_iot/libFrameworkArduino.a(CDC.cpp.o)
                0x00000000200000ec                SerialUSB
 .bss.EndPoints
                0x0000000020000128       0x28 .pio/build/nano_33_iot/libFrameworkArduino.a(USBCore.cpp.o)
                0x0000000020000128                EndPoints
 .bss.USBDevice
                0x0000000020000150        0x1 .pio/build/nano_33_iot/libFrameworkArduino.a(USBCore.cpp.o)
                0x0000000020000150                USBDevice
 *fill*         0x0000000020000151        0x3 
 .bss._ZL10epHandlers
                0x0000000020000154       0x1c .pio/build/nano_33_iot/libFrameworkArduino.a(USBCore.cpp.o)
 .bss._ZL14isEndpointHalt
                0x0000000020000170        0x1 .pio/build/nano_33_iot/libFrameworkArduino.a(USBCore.cpp.o)
 .bss._ZL20LastTransmitTimedOut
                0x0000000020000171        0x7 .pio/build/nano_33_iot/libFrameworkArduino.a(USBCore.cpp.o)
 .bss._ZL21isRemoteWakeUpEnabled
                0x0000000020000178        0x1 .pio/build/nano_33_iot/libFrameworkArduino.a(USBCore.cpp.o)
 *fill*         0x0000000020000179        0x3 
 .bss._ZL22udd_ep_in_cache_buffer
                0x000000002000017c      0x1c0 .pio/build/nano_33_iot/libFrameworkArduino.a(USBCore.cpp.o)
 .bss._ZL23udd_ep_out_cache_buffer
                0x000000002000033c      0x1c0 .pio/build/nano_33_iot/libFrameworkArduino.a(USBCore.cpp.o)
 .bss._dry_run  0x00000000200004fc        0x1 .pio/build/nano_33_iot/libFrameworkArduino.a(USBCore.cpp.o)
                0x00000000200004fc                _dry_run
 .bss._pack_buffer
                0x00000000200004fd      0x100 .pio/build/nano_33_iot/libFrameworkArduino.a(USBCore.cpp.o)
                0x00000000200004fd                _pack_buffer
 .bss._pack_message
                0x00000000200005fd        0x1 .pio/build/nano_33_iot/libFrameworkArduino.a(USBCore.cpp.o)
                0x00000000200005fd                _pack_message
 .bss._pack_size
                0x00000000200005fe        0x2 .pio/build/nano_33_iot/libFrameworkArduino.a(USBCore.cpp.o)
                0x00000000200005fe                _pack_size
 .bss._usbConfiguration
                0x0000000020000600        0x4 .pio/build/nano_33_iot/libFrameworkArduino.a(USBCore.cpp.o)
                0x0000000020000600                _usbConfiguration
 .bss._usbSetInterface
                0x0000000020000604        0x4 .pio/build/nano_33_iot/libFrameworkArduino.a(USBCore.cpp.o)
                0x0000000020000604                _usbSetInterface
 .bss.usbd      0x0000000020000608      0x104 .pio/build/nano_33_iot/libFrameworkArduino.a(USBCore.cpp.o)
                0x0000000020000608                usbd
 .bss.ISRcallback
                0x000000002000070c       0x44 .pio/build/nano_33_iot/libFrameworkArduino.a(WInterrupts.c.o)
 .bss.ISRlist   0x0000000020000750       0x44 .pio/build/nano_33_iot/libFrameworkArduino.a(WInterrupts.c.o)
 .bss.nints     0x0000000020000794        0x4 .pio/build/nano_33_iot/libFrameworkArduino.a(WInterrupts.c.o)
 .bss._ZGVZ12PluggableUSBvE3obj
                0x0000000020000798        0x4 .pio/build/nano_33_iot/libFrameworkArduino.a(PluggableUSB.cpp.o)
 .bss._ZZ12PluggableUSBvE3obj
                0x000000002000079c        0xc .pio/build/nano_33_iot/libFrameworkArduino.a(PluggableUSB.cpp.o)
 .bss.usb_isr   0x00000000200007a8        0x4 .pio/build/nano_33_iot/libFrameworkArduino.a(cortex_handlers.c.o)
 .bss._ulTickCount
                0x00000000200007ac        0x4 .pio/build/nano_33_iot/libFrameworkArduino.a(delay.c.o)
 .bss.Serial1   0x00000000200007b0      0x244 .pio/build/nano_33_iot/libFrameworkArduinoVariant.a(variant.cpp.o)
                0x00000000200007b0                Serial1
 .bss.Serial2   0x00000000200009f4      0x244 .pio/build/nano_33_iot/libFrameworkArduinoVariant.a(variant.cpp.o)
                0x00000000200009f4                Serial2
 .bss.SerialHCI
                0x0000000020000c38      0x244 .pio/build/nano_33_iot/libFrameworkArduinoVariant.a(variant.cpp.o)
                0x0000000020000c38                SerialHCI
 .bss.sercom0   0x0000000020000e7c        0x8 .pio/build/nano_33_iot/libFrameworkArduinoVariant.a(variant.cpp.o)
                0x0000000020000e7c                sercom0
 .bss.sercom1   0x0000000020000e84        0x8 .pio/build/nano_33_iot/libFrameworkArduinoVariant.a(variant.cpp.o)
                0x0000000020000e84                sercom1
 .bss.sercom2   0x0000000020000e8c        0x8 .pio/build/nano_33_iot/libFrameworkArduinoVariant.a(variant.cpp.o)
                0x0000000020000e8c                sercom2
 .bss.sercom3   0x0000000020000e94        0x8 .pio/build/nano_33_iot/libFrameworkArduinoVariant.a(variant.cpp.o)
                0x0000000020000e94                sercom3
 .bss.sercom4   0x0000000020000e9c        0x8 .pio/build/nano_33_iot/libFrameworkArduinoVariant.a(variant.cpp.o)
                0x0000000020000e9c                sercom4
 .bss.sercom5   0x0000000020000ea4        0x8 .pio/build/nano_33_iot/libFrameworkArduinoVariant.a(variant.cpp.o)
                0x0000000020000ea4                sercom5
 .bss.__malloc_free_list
                0x0000000020000eac        0x4 /Users/bmmli.jl/.platformio/packages/toolchain-gccarmnoneeabi@1.70201.0/bin/../lib/gcc/arm-none-eabi/7.2.1/../../../../arm-none-eabi/lib/thumb/v6-m/libc_nano.a(lib_a-nano-mallocr.o)
                0x0000000020000eac                __malloc_free_list
 .bss.__malloc_sbrk_start
                0x0000000020000eb0        0x4 /Users/bmmli.jl/.platformio/packages/toolchain-gccarmnoneeabi@1.70201.0/bin/../lib/gcc/arm-none-eabi/7.2.1/../../../../arm-none-eabi/lib/thumb/v6-m/libc_nano.a(lib_a-nano-mallocr.o)
                0x0000000020000eb0                __malloc_sbrk_start
 .bss.heap_end.4102
                0x0000000020000eb4        0x4 /Users/bmmli.jl/.platformio/packages/toolchain-gccarmnoneeabi@1.70201.0/bin/../lib/gcc/arm-none-eabi/7.2.1/../../../../arm-none-eabi/lib/thumb/v6-m/libnosys.a(sbrk.o)
 *(COMMON)
 COMMON         0x0000000020000eb8        0x4 /Users/bmmli.jl/.platformio/packages/toolchain-gccarmnoneeabi@1.70201.0/bin/../lib/gcc/arm-none-eabi/7.2.1/../../../../arm-none-eabi/lib/thumb/v6-m/libc_nano.a(lib_a-reent.o)
                0x0000000020000eb8                errno
                0x0000000020000ebc                . = ALIGN (0x4)
                0x0000000020000ebc                __bss_end__ = .

.heap           0x0000000020000ebc        0x0
                0x0000000020000ebc                __end__ = .
                0x0000000020000ebc                PROVIDE (end, .)
 *(.heap*)
                0x0000000020000ebc                __HeapLimit = .

.stack_dummy    0x0000000020000ebc        0x0
 *(.stack*)
                0x0000000020008000                __StackTop = (ORIGIN (RAM) + LENGTH (RAM))
                0x0000000020008000                __StackLimit = (__StackTop - SIZEOF (.stack_dummy))
                0x0000000020008000                PROVIDE (__stack, __StackTop)
                0x0000000020007fff                __ram_end__ = ((ORIGIN (RAM) + LENGTH (RAM)) - 0x1)
                0x0000000000000001                ASSERT ((__StackLimit >= __HeapLimit), region RAM overflowed with stack)
OUTPUT(.pio/build/nano_33_iot/firmware.elf elf32-littlearm)

.ARM.attributes
                0x0000000000000000       0x28
 .ARM.attributes
                0x0000000000000000       0x1e /Users/bmmli.jl/.platformio/packages/toolchain-gccarmnoneeabi@1.70201.0/bin/../lib/gcc/arm-none-eabi/7.2.1/thumb/v6-m/crti.o
 .ARM.attributes
                0x000000000000001e       0x2c /Users/bmmli.jl/.platformio/packages/toolchain-gccarmnoneeabi@1.70201.0/bin/../lib/gcc/arm-none-eabi/7.2.1/thumb/v6-m/crtbegin.o
 .ARM.attributes
                0x000000000000004a       0x32 .pio/build/nano_33_iot/src/main.cpp.o
 .ARM.attributes
                0x000000000000007c       0x32 .pio/build/nano_33_iot/libFrameworkArduino.a(CDC.cpp.o)
 .ARM.attributes
                0x00000000000000ae       0x32 .pio/build/nano_33_iot/libFrameworkArduino.a(USBCore.cpp.o)
 .ARM.attributes
                0x00000000000000e0       0x32 .pio/build/nano_33_iot/libFrameworkArduino.a(WInterrupts.c.o)
 .ARM.attributes
                0x0000000000000112       0x32 .pio/build/nano_33_iot/libFrameworkArduino.a(PluggableUSB.cpp.o)
 .ARM.attributes
                0x0000000000000144       0x32 .pio/build/nano_33_iot/libFrameworkArduino.a(Print.cpp.o)
 .ARM.attributes
                0x0000000000000176       0x32 .pio/build/nano_33_iot/libFrameworkArduino.a(cortex_handlers.c.o)
 .ARM.attributes
                0x00000000000001a8       0x32 .pio/build/nano_33_iot/libFrameworkArduino.a(delay.c.o)
 .ARM.attributes
                0x00000000000001da       0x32 .pio/build/nano_33_iot/libFrameworkArduino.a(hooks.c.o)
 .ARM.attributes
                0x000000000000020c       0x32 .pio/build/nano_33_iot/libFrameworkArduino.a(main.cpp.o)
 .ARM.attributes
                0x000000000000023e       0x32 .pio/build/nano_33_iot/libFrameworkArduino.a(new.cpp.o)
 .ARM.attributes
                0x0000000000000270       0x32 .pio/build/nano_33_iot/libFrameworkArduino.a(startup.c.o)
 .ARM.attributes
                0x00000000000002a2       0x32 .pio/build/nano_33_iot/libFrameworkArduino.a(wiring.c.o)
 .ARM.attributes
                0x00000000000002d4       0x32 .pio/build/nano_33_iot/libFrameworkArduino.a(wiring_analog.c.o)
 .ARM.attributes
                0x0000000000000306       0x32 .pio/build/nano_33_iot/libFrameworkArduino.a(wiring_digital.c.o)
 .ARM.attributes
                0x0000000000000338       0x32 .pio/build/nano_33_iot/libFrameworkArduino.a(wiring_private.c.o)
 .ARM.attributes
                0x000000000000036a       0x32 .pio/build/nano_33_iot/libFrameworkArduino.a(Reset.cpp.o)
 .ARM.attributes
                0x000000000000039c       0x32 .pio/build/nano_33_iot/libFrameworkArduinoVariant.a(variant.cpp.o)
 .ARM.attributes
                0x00000000000003ce       0x32 .pio/build/nano_33_iot/libFrameworkArduino.a(SERCOM.cpp.o)
 .ARM.attributes
                0x0000000000000400       0x32 .pio/build/nano_33_iot/libFrameworkArduino.a(Uart.cpp.o)
 .ARM.attributes
                0x0000000000000432       0x1e /Users/bmmli.jl/.platformio/packages/toolchain-gccarmnoneeabi@1.70201.0/bin/../lib/gcc/arm-none-eabi/7.2.1/thumb/v6-m/libgcc.a(_thumb1_case_uqi.o)
 .ARM.attributes
                0x0000000000000450       0x1e /Users/bmmli.jl/.platformio/packages/toolchain-gccarmnoneeabi@1.70201.0/bin/../lib/gcc/arm-none-eabi/7.2.1/thumb/v6-m/libgcc.a(_udivsi3.o)
 .ARM.attributes
                0x000000000000046e       0x1e /Users/bmmli.jl/.platformio/packages/toolchain-gccarmnoneeabi@1.70201.0/bin/../lib/gcc/arm-none-eabi/7.2.1/thumb/v6-m/libgcc.a(_dvmd_tls.o)
 .ARM.attributes
                0x000000000000048c       0x2c /Users/bmmli.jl/.platformio/packages/toolchain-gccarmnoneeabi@1.70201.0/bin/../lib/gcc/arm-none-eabi/7.2.1/../../../../arm-none-eabi/lib/thumb/v6-m/libc_nano.a(lib_a-impure.o)
 .ARM.attributes
                0x00000000000004b8       0x2c /Users/bmmli.jl/.platformio/packages/toolchain-gccarmnoneeabi@1.70201.0/bin/../lib/gcc/arm-none-eabi/7.2.1/../../../../arm-none-eabi/lib/thumb/v6-m/libc_nano.a(lib_a-init.o)
 .ARM.attributes
                0x00000000000004e4       0x2c /Users/bmmli.jl/.platformio/packages/toolchain-gccarmnoneeabi@1.70201.0/bin/../lib/gcc/arm-none-eabi/7.2.1/../../../../arm-none-eabi/lib/thumb/v6-m/libc_nano.a(lib_a-malloc.o)
 .ARM.attributes
                0x0000000000000510       0x2c /Users/bmmli.jl/.platformio/packages/toolchain-gccarmnoneeabi@1.70201.0/bin/../lib/gcc/arm-none-eabi/7.2.1/../../../../arm-none-eabi/lib/thumb/v6-m/libc_nano.a(lib_a-memcpy-stub.o)
 .ARM.attributes
                0x000000000000053c       0x2c /Users/bmmli.jl/.platformio/packages/toolchain-gccarmnoneeabi@1.70201.0/bin/../lib/gcc/arm-none-eabi/7.2.1/../../../../arm-none-eabi/lib/thumb/v6-m/libc_nano.a(lib_a-memset.o)
 .ARM.attributes
                0x0000000000000568       0x2c /Users/bmmli.jl/.platformio/packages/toolchain-gccarmnoneeabi@1.70201.0/bin/../lib/gcc/arm-none-eabi/7.2.1/../../../../arm-none-eabi/lib/thumb/v6-m/libc_nano.a(lib_a-nano-freer.o)
 .ARM.attributes
                0x0000000000000594       0x2c /Users/bmmli.jl/.platformio/packages/toolchain-gccarmnoneeabi@1.70201.0/bin/../lib/gcc/arm-none-eabi/7.2.1/../../../../arm-none-eabi/lib/thumb/v6-m/libc_nano.a(lib_a-nano-mallocr.o)
 .ARM.attributes
                0x00000000000005c0       0x2c /Users/bmmli.jl/.platformio/packages/toolchain-gccarmnoneeabi@1.70201.0/bin/../lib/gcc/arm-none-eabi/7.2.1/../../../../arm-none-eabi/lib/thumb/v6-m/libc_nano.a(lib_a-sbrkr.o)
 .ARM.attributes
                0x00000000000005ec       0x1c /Users/bmmli.jl/.platformio/packages/toolchain-gccarmnoneeabi@1.70201.0/bin/../lib/gcc/arm-none-eabi/7.2.1/../../../../arm-none-eabi/lib/thumb/v6-m/libc_nano.a(lib_a-strlen.o)
 .ARM.attributes
                0x0000000000000608       0x2c /Users/bmmli.jl/.platformio/packages/toolchain-gccarmnoneeabi@1.70201.0/bin/../lib/gcc/arm-none-eabi/7.2.1/../../../../arm-none-eabi/lib/thumb/v6-m/libc_nano.a(lib_a-mlock.o)
 .ARM.attributes
                0x0000000000000634       0x2c /Users/bmmli.jl/.platformio/packages/toolchain-gccarmnoneeabi@1.70201.0/bin/../lib/gcc/arm-none-eabi/7.2.1/../../../../arm-none-eabi/lib/thumb/v6-m/libc_nano.a(lib_a-reent.o)
 .ARM.attributes
                0x0000000000000660       0x2c /Users/bmmli.jl/.platformio/packages/toolchain-gccarmnoneeabi@1.70201.0/bin/../lib/gcc/arm-none-eabi/7.2.1/../../../../arm-none-eabi/lib/thumb/v6-m/libnosys.a(sbrk.o)
 .ARM.attributes
                0x000000000000068c       0x2c /Users/bmmli.jl/.platformio/packages/toolchain-gccarmnoneeabi@1.70201.0/bin/../lib/gcc/arm-none-eabi/7.2.1/thumb/v6-m/crtend.o
 .ARM.attributes
                0x00000000000006b8       0x1e /Users/bmmli.jl/.platformio/packages/toolchain-gccarmnoneeabi@1.70201.0/bin/../lib/gcc/arm-none-eabi/7.2.1/thumb/v6-m/crtn.o

.comment        0x0000000000000000       0x7e
 .comment       0x0000000000000000       0x7e .pio/build/nano_33_iot/src/main.cpp.o
                                         0x7f (size before relaxing)
 .comment       0x000000000000007e       0x7f .pio/build/nano_33_iot/libFrameworkArduino.a(CDC.cpp.o)
 .comment       0x000000000000007e       0x7f .pio/build/nano_33_iot/libFrameworkArduino.a(USBCore.cpp.o)
 .comment       0x000000000000007e       0x7f .pio/build/nano_33_iot/libFrameworkArduino.a(WInterrupts.c.o)
 .comment       0x000000000000007e       0x7f .pio/build/nano_33_iot/libFrameworkArduino.a(PluggableUSB.cpp.o)
 .comment       0x000000000000007e       0x7f .pio/build/nano_33_iot/libFrameworkArduino.a(Print.cpp.o)
 .comment       0x000000000000007e       0x7f .pio/build/nano_33_iot/libFrameworkArduino.a(cortex_handlers.c.o)
 .comment       0x000000000000007e       0x7f .pio/build/nano_33_iot/libFrameworkArduino.a(delay.c.o)
 .comment       0x000000000000007e       0x7f .pio/build/nano_33_iot/libFrameworkArduino.a(hooks.c.o)
 .comment       0x000000000000007e       0x7f .pio/build/nano_33_iot/libFrameworkArduino.a(main.cpp.o)
 .comment       0x000000000000007e       0x7f .pio/build/nano_33_iot/libFrameworkArduino.a(new.cpp.o)
 .comment       0x000000000000007e       0x7f .pio/build/nano_33_iot/libFrameworkArduino.a(startup.c.o)
 .comment       0x000000000000007e       0x7f .pio/build/nano_33_iot/libFrameworkArduino.a(wiring.c.o)
 .comment       0x000000000000007e       0x7f .pio/build/nano_33_iot/libFrameworkArduino.a(wiring_analog.c.o)
 .comment       0x000000000000007e       0x7f .pio/build/nano_33_iot/libFrameworkArduino.a(wiring_digital.c.o)
 .comment       0x000000000000007e       0x7f .pio/build/nano_33_iot/libFrameworkArduino.a(wiring_private.c.o)
 .comment       0x000000000000007e       0x7f .pio/build/nano_33_iot/libFrameworkArduino.a(Reset.cpp.o)
 .comment       0x000000000000007e       0x7f .pio/build/nano_33_iot/libFrameworkArduinoVariant.a(variant.cpp.o)
 .comment       0x000000000000007e       0x7f .pio/build/nano_33_iot/libFrameworkArduino.a(SERCOM.cpp.o)
 .comment       0x000000000000007e       0x7f .pio/build/nano_33_iot/libFrameworkArduino.a(Uart.cpp.o)

.debug_frame    0x0000000000000000      0x1f0
 .debug_frame   0x0000000000000000       0x20 /Users/bmmli.jl/.platformio/packages/toolchain-gccarmnoneeabi@1.70201.0/bin/../lib/gcc/arm-none-eabi/7.2.1/thumb/v6-m/libgcc.a(_udivsi3.o)
 .debug_frame   0x0000000000000020       0x2c /Users/bmmli.jl/.platformio/packages/toolchain-gccarmnoneeabi@1.70201.0/bin/../lib/gcc/arm-none-eabi/7.2.1/../../../../arm-none-eabi/lib/thumb/v6-m/libc_nano.a(lib_a-init.o)
 .debug_frame   0x000000000000004c       0x40 /Users/bmmli.jl/.platformio/packages/toolchain-gccarmnoneeabi@1.70201.0/bin/../lib/gcc/arm-none-eabi/7.2.1/../../../../arm-none-eabi/lib/thumb/v6-m/libc_nano.a(lib_a-malloc.o)
 .debug_frame   0x000000000000008c       0x28 /Users/bmmli.jl/.platformio/packages/toolchain-gccarmnoneeabi@1.70201.0/bin/../lib/gcc/arm-none-eabi/7.2.1/../../../../arm-none-eabi/lib/thumb/v6-m/libc_nano.a(lib_a-memcpy-stub.o)
 .debug_frame   0x00000000000000b4       0x20 /Users/bmmli.jl/.platformio/packages/toolchain-gccarmnoneeabi@1.70201.0/bin/../lib/gcc/arm-none-eabi/7.2.1/../../../../arm-none-eabi/lib/thumb/v6-m/libc_nano.a(lib_a-memset.o)
 .debug_frame   0x00000000000000d4       0x2c /Users/bmmli.jl/.platformio/packages/toolchain-gccarmnoneeabi@1.70201.0/bin/../lib/gcc/arm-none-eabi/7.2.1/../../../../arm-none-eabi/lib/thumb/v6-m/libc_nano.a(lib_a-nano-freer.o)
 .debug_frame   0x0000000000000100       0x2c /Users/bmmli.jl/.platformio/packages/toolchain-gccarmnoneeabi@1.70201.0/bin/../lib/gcc/arm-none-eabi/7.2.1/../../../../arm-none-eabi/lib/thumb/v6-m/libc_nano.a(lib_a-nano-mallocr.o)
 .debug_frame   0x000000000000012c       0x2c /Users/bmmli.jl/.platformio/packages/toolchain-gccarmnoneeabi@1.70201.0/bin/../lib/gcc/arm-none-eabi/7.2.1/../../../../arm-none-eabi/lib/thumb/v6-m/libc_nano.a(lib_a-sbrkr.o)
 .debug_frame   0x0000000000000158       0x30 /Users/bmmli.jl/.platformio/packages/toolchain-gccarmnoneeabi@1.70201.0/bin/../lib/gcc/arm-none-eabi/7.2.1/../../../../arm-none-eabi/lib/thumb/v6-m/libc_nano.a(lib_a-mlock.o)
 .debug_frame   0x0000000000000188       0x48 /Users/bmmli.jl/.platformio/packages/toolchain-gccarmnoneeabi@1.70201.0/bin/../lib/gcc/arm-none-eabi/7.2.1/../../../../arm-none-eabi/lib/thumb/v6-m/libc_nano.a(lib_a-reent.o)
 .debug_frame   0x00000000000001d0       0x20 /Users/bmmli.jl/.platformio/packages/toolchain-gccarmnoneeabi@1.70201.0/bin/../lib/gcc/arm-none-eabi/7.2.1/../../../../arm-none-eabi/lib/thumb/v6-m/libnosys.a(sbrk.o)
